
[1m[46m RUN [49m[22m [36mv4.0.18 [39m[90mC:/Projects/zenbudget[39m

node.exe : [90mstderr[2m | src/fe
atures/inbox/components/Transaction
Stack.test.tsx[2m > 
[22m[2mTransactionStack[2m > 
[22m[2mshows success state when 
no transactions
Au caractère C:\Program 
Files\nodejs\npx.ps1:29 : 3
+   & $NODE_EXE $NPX_CLI_JS $args
+   ~~~~~~~~~~~~~~~~~~~~~~~~~~~~~
    + CategoryInfo          : NotS 
   pecified: ([90mstderr[2m...n  
  o transactions:String) [], Rem   
 oteException
    + FullyQualifiedErrorId : Nati 
   veCommandError
 
[22m[39mAn error occurred in the 
<TransactionStack> component.

Consider adding an error boundary 
to your tree to customize error 
handling behavior.
Visit https://react.dev/link/error-
boundaries to learn more about 
error boundaries.


[90mstderr[2m | src/features/inbo
x/components/TransactionStack.test.
tsx[2m > 
[22m[2mTransactionStack[2m > 
[22m[2mtriggers onComplete after 
delay when empty
[22m[39mAn error occurred in the 
<TransactionStack> component.

Consider adding an error boundary 
to your tree to customize error 
handling behavior.
Visit https://react.dev/link/error-
boundaries to learn more about 
error boundaries.


 [31mÔØ»[39m src/features/inbox/components/TransactionStack.test.tsx [2m([22m[2m2 tests[22m[2m | [22m[31m2 failed[39m[2m)[22m[33m 2065[2mms[22m[39m
[31m     [31m├ù[31m shows success state when no transactions[39m[33m 1048[2mms[22m[39m
[31m     [31m├ù[31m triggers onComplete after delay when empty[39m[33m 1015[2mms[22m[39m

[31mÔÄ»ÔÄ»ÔÄ»ÔÄ»ÔÄ»ÔÄ»ÔÄ»[39m[1m
[41m Failed Tests 2 [49m[22m[31
mÔÄ»ÔÄ»ÔÄ»ÔÄ»ÔÄ»ÔÄ»ÔÄ»[39m

[41m[1m FAIL [22m[49m src/featu
res/inbox/components/TransactionSta
ck.test.tsx[2m > 
[22mTransactionStack[2m > 
[22mshows success state when no 
transactions
[31m[1mTestingLibraryElementError
[22m: Unable to find an element 
by: [data-testid="success-state"]

Ignored nodes: comments, script, 
style
[36m<body>[31m
  [36m<div />[31m
[36m</body>[31m

Ignored nodes: comments, script, 
style
[36m<html>[31m
  [36m<head />[31m
  [36m<body>[31m
    [36m<div />[31m
  [36m</body>[31m
[36m</html>[31m[39m
[90m [2mÔØ»[22m 
Proxy.waitForWrapper node_modules/@
testing-library/dom/dist/wait-for.j
s:[2m163:27[22m[39m
[36m [2mÔØ»[22m src/features/inb
ox/components/TransactionStack.test
.tsx:[2m84:15[22m[39m
    [90m 82| [39m        })
    [90m 83| [39m
    [90m 84| [39m        
[35mawait[39m 
[34mwaitFor[39m(() [33m=>[39m {
    [90m   | [39m              
[31m^[39m
    [90m 85| [39m            expe
ct(screen.getByTestId('success-stat
e')).toBeInTheDocumÔÇª
    [90m 86| [39m        })

[31m[2mÔÄ»ÔÄ»ÔÄ»ÔÄ»ÔÄ»ÔÄ»ÔÄ»ÔÄ»ÔÄ
»ÔÄ»ÔÄ»ÔÄ»ÔÄ»ÔÄ»ÔÄ»ÔÄ»ÔÄ»ÔÄ»ÔÄ»ÔÄ»Ô
Ä»ÔÄ»ÔÄ»ÔÄ»[1/2]ÔÄ»[22m[39m

[41m[1m FAIL [22m[49m src/featu
res/inbox/components/TransactionSta
ck.test.tsx[2m > 
[22mTransactionStack[2m > 
[22mtriggers onComplete after 
delay when empty
[31m[1mTestingLibraryElementError
[22m: Unable to find an element 
by: [data-testid="success-state"]

Ignored nodes: comments, script, 
style
[36m<body>[31m
  [36m<div />[31m
[36m</body>[31m

Ignored nodes: comments, script, 
style
[36m<html>[31m
  [36m<head />[31m
  [36m<body>[31m
    [36m<div />[31m
  [36m</body>[31m
[36m</html>[31m[39m
[90m [2mÔØ»[22m 
Proxy.waitForWrapper node_modules/@
testing-library/dom/dist/wait-for.j
s:[2m163:27[22m[39m
[36m [2mÔØ»[22m src/features/inb
ox/components/TransactionStack.test
.tsx:[2m95:15[22m[39m
    [90m 93| [39m        [34mren
der[39m([33m<[39m[33mTransactio
nStack[39m [33monComplete[39m[3
3m=[39m[33m{[39monCompleteMock[
33m}[39m [33m/[39m[33m>[39m)
    [90m 94| [39m
    [90m 95| [39m        
[35mawait[39m 
[34mwaitFor[39m(() [33m=>[39m {
    [90m   | [39m              
[31m^[39m
    [90m 96| [39m            expe
ct(screen.getByTestId('success-stat
e')).toBeInTheDocumÔÇª
    [90m 97| [39m        })

[31m[2mÔÄ»ÔÄ»ÔÄ»ÔÄ»ÔÄ»ÔÄ»ÔÄ»ÔÄ»ÔÄ
»ÔÄ»ÔÄ»ÔÄ»ÔÄ»ÔÄ»ÔÄ»ÔÄ»ÔÄ»ÔÄ»ÔÄ»ÔÄ»Ô
Ä»ÔÄ»ÔÄ»ÔÄ»[2/2]ÔÄ»[22m[39m

[31mÔÄ»ÔÄ»ÔÄ»ÔÄ»ÔÄ»ÔÄ»[39m[1m[4
1m Unhandled Errors [49m[22m[31m
ÔÄ»ÔÄ»ÔÄ»ÔÄ»ÔÄ»ÔÄ»[39m
[31m[1m
Vitest caught 2 unhandled errors 
during the test run.
This might cause false positive 
tests. Resolve unhandled errors to 
make sure your tests are not 
affected.[22m[39m

[31mÔÄ»ÔÄ»ÔÄ»ÔÄ»ÔÄ»[39m[1m[41m 
Uncaught Exception 
[49m[22m[31mÔÄ»ÔÄ»ÔÄ»ÔÄ»ÔÄ»[39m
[31m[1mError[22m: [vitest] No 
"Upload" export is defined on the 
"lucide-react" mock. Did you 
forget to return it from "vi.mock"?
If you need to partially mock a 
module, you can use 
"importOriginal" helper inside:
[39m
vi.mock(import("lucide-react"), 
async (importOriginal) => {
  const actual = await 
importOriginal()
  return {
    ...actual,
    // your mocked methods
  }
})

[90m [2mÔØ»[22m 
VitestMocker.createError node_modul
es/vitest/dist/chunks/startModuleRu
nner.DEj0jb3e.js:[2m311:17[22m[3
9m
[90m [2mÔØ»[22m Object.get node_
modules/vitest/dist/chunks/startMod
uleRunner.DEj0jb3e.js:[2m384:16[2
2m[39m
[36m [2mÔØ»[22m 
TransactionStack src/features/inbox
/components/TransactionStack.tsx:[
2m166:26[22m[39m
    [90m164| [39m                
        <Loader2 className="w-3.5 
h-3.5 text-primary aÔÇª
    [90m165| [39m                
    ) [33m:[39m (
    [90m166| [39m                
        <Upload className="w-3.5 
h-3.5 text-primary grÔÇª
    [90m   | [39m                
         [31m^[39m
    [90m167| [39m                
    )[33m}[39m
    [90m168| [39m                
    <span className="text-[10px] 
text-white/50 font-boÔÇª
[90m [2mÔØ»[22m 
Object.react_stack_bottom_frame nod
e_modules/react-dom/cjs/react-dom-c
lient.development.js:[2m25904:20[
22m[39m
[90m [2mÔØ»[22m renderWithHooks 
node_modules/react-dom/cjs/react-do
m-client.development.js:[2m7662:22
[22m[39m
[90m [2mÔØ»[22m 
updateFunctionComponent node_module
s/react-dom/cjs/react-dom-client.de
velopment.js:[2m10166:19[22m[39m
[90m [2mÔØ»[22m beginWork node_m
odules/react-dom/cjs/react-dom-clie
nt.development.js:[2m11778:18[22m
[39m
[90m [2mÔØ»[22m 
runWithFiberInDEV node_modules/reac
t-dom/cjs/react-dom-client.developm
ent.js:[2m874:13[22m[39m
[90m [2mÔØ»[22m 
performUnitOfWork node_modules/reac
t-dom/cjs/react-dom-client.developm
ent.js:[2m17641:22[22m[39m
[90m [2mÔØ»[22m workLoopSync nod
e_modules/react-dom/cjs/react-dom-c
lient.development.js:[2m17469:41[
22m[39m

[31mThis error originated in "[1m
src/features/inbox/components/Trans
actionStack.test.tsx[22m" test 
file. It doesn't mean the error 
was thrown inside the file itself, 
but while it was running.[39m
[31mThe latest test that might've 
caused the error is "[1mshows 
success state when no 
transactions[22m". It might mean 
one of the following:
- The error was thrown, while 
Vitest was running this test.
- If the error occurred after the 
test had been completed, this was 
the last documented test before it 
was thrown.[39m

[31mÔÄ»ÔÄ»ÔÄ»ÔÄ»ÔÄ»[39m[1m[41m 
Uncaught Exception 
[49m[22m[31mÔÄ»ÔÄ»ÔÄ»ÔÄ»ÔÄ»[39m
[31m[1mError[22m: [vitest] No 
"Upload" export is defined on the 
"lucide-react" mock. Did you 
forget to return it from "vi.mock"?
If you need to partially mock a 
module, you can use 
"importOriginal" helper inside:
[39m
vi.mock(import("lucide-react"), 
async (importOriginal) => {
  const actual = await 
importOriginal()
  return {
    ...actual,
    // your mocked methods
  }
})

[90m [2mÔØ»[22m 
VitestMocker.createError node_modul
es/vitest/dist/chunks/startModuleRu
nner.DEj0jb3e.js:[2m311:17[22m[3
9m
[90m [2mÔØ»[22m Object.get node_
modules/vitest/dist/chunks/startMod
uleRunner.DEj0jb3e.js:[2m384:16[2
2m[39m
[36m [2mÔØ»[22m 
TransactionStack src/features/inbox
/components/TransactionStack.tsx:[
2m166:26[22m[39m
    [90m164| [39m                
        <Loader2 className="w-3.5 
h-3.5 text-primary aÔÇª
    [90m165| [39m                
    ) [33m:[39m (
    [90m166| [39m                
        <Upload className="w-3.5 
h-3.5 text-primary grÔÇª
    [90m   | [39m                
         [31m^[39m
    [90m167| [39m                
    )[33m}[39m
    [90m168| [39m                
    <span className="text-[10px] 
text-white/50 font-boÔÇª
[90m [2mÔØ»[22m 
Object.react_stack_bottom_frame nod
e_modules/react-dom/cjs/react-dom-c
lient.development.js:[2m25904:20[
22m[39m
[90m [2mÔØ»[22m renderWithHooks 
node_modules/react-dom/cjs/react-do
m-client.development.js:[2m7662:22
[22m[39m
[90m [2mÔØ»[22m 
updateFunctionComponent node_module
s/react-dom/cjs/react-dom-client.de
velopment.js:[2m10166:19[22m[39m
[90m [2mÔØ»[22m beginWork node_m
odules/react-dom/cjs/react-dom-clie
nt.development.js:[2m11778:18[22m
[39m
[90m [2mÔØ»[22m 
runWithFiberInDEV node_modules/reac
t-dom/cjs/react-dom-client.developm
ent.js:[2m874:13[22m[39m
[90m [2mÔØ»[22m 
performUnitOfWork node_modules/reac
t-dom/cjs/react-dom-client.developm
ent.js:[2m17641:22[22m[39m
[90m [2mÔØ»[22m workLoopSync nod
e_modules/react-dom/cjs/react-dom-c
lient.development.js:[2m17469:41[
22m[39m

[31mThis error originated in "[1m
src/features/inbox/components/Trans
actionStack.test.tsx[22m" test 
file. It doesn't mean the error 
was thrown inside the file itself, 
but while it was running.[39m
[31mThe latest test that might've 
caused the error is "[1mtriggers 
onComplete after delay when 
empty[22m". It might mean one of 
the following:
- The error was thrown, while 
Vitest was running this test.
- If the error occurred after the 
test had been completed, this was 
the last documented test before it 
was thrown.[39m
[31mÔÄ»ÔÄ»ÔÄ»ÔÄ»ÔÄ»ÔÄ»ÔÄ»ÔÄ»ÔÄ»ÔÄ»
ÔÄ»ÔÄ»ÔÄ»ÔÄ»ÔÄ»ÔÄ»ÔÄ»ÔÄ»ÔÄ»ÔÄ»ÔÄ»ÔÄ
»ÔÄ»ÔÄ»ÔÄ»ÔÄ»ÔÄ»ÔÄ»ÔÄ»ÔÄ»[39m


[2m Test Files [22m [1m[31m1 failed[39m[22m[90m (1)[39m
[2m      Tests [22m [1m[31m2 failed[39m[22m[90m (2)[39m
[2m     Errors [22m [1m[31m2 errors[39m[22m
[2m   Start at [22m 23:56:56
[2m   Duration [22m 2.80s[2m (transform 111ms, setup 62ms, import 168ms, tests 2.06s, environment 414ms)[22m

